tests/10_interval/0888_rand_div_test.c:4.2-11: [ x in [-10;10] ]
analysis ended