tests/30_extension/0103_decl.c:6.2-12: [ y in [0;0] ]
analysis ended
