tests/30_extension/0109_assign.c:4.2-11: [ x in [4;4] ]
analysis ended
