tests/30_extension/0110_assign.c:7.2-11: [ x in [11;11] ]
analysis ended
