tests/30_extension/0118_sub_rand.c:4.2-11: [ x in [8;14] ]
analysis ended
