tests/30_extension/0119_assign.c:6.2-11: [ y in [17;17] ]
analysis ended
