tests/30_extension/0120_mul.c:4.2-11: [ x in [40;40] ]
analysis ended
