tests/30_extension/0121_mul_rand.c:4.2-11: [ x in [10;24] ]
analysis ended
