tests/30_extension/0126_copy.c:7.4-13: [ y in [12;12] ]
analysis ended
