tests/30_extension/0128_div.c:4.2-11: [ x in [25;52] ]
analysis ended
