tests/30_extension/0130_div.c:4.2-11: âŠ¥
analysis ended
