tests/30_extension/0131_div.c:4.2-11: [ x in [-12;12] ]
analysis ended
