tests/30_extension/0132_if_true.c:5.2-11: [ x in [1;1] ]
analysis ended
