tests/30_extension/0133_if_false.c:5.2-11: [ x in [0;0] ]
analysis ended
