tests/30_extension/0134_else_false.c:5.2-11: [ x in [10;10] ]
analysis ended
