tests/30_extension/0140_if_var.c:5.2-11: [ x in [-1;5] ]
analysis ended
