tests/30_extension/0144_cmp_lt.c:6.13-24: [ x in [10;12], y in [11;13] ]
analysis ended
