tests/30_extension/0146_cmp_gt.c:6.13-24: [ x in [13;14], y in [12;13] ]
analysis ended
