tests/30_extension/0148_cmp_eq.c:6.14-25: [ x in [16;16], y in [16;16] ]
analysis ended
