tests/30_extension/0154_or.c:6.24-35: [ x in [13;17], y in [33;37] ]
tests/30_extension/0154_or.c:7.9-20: [ x in [13;14], y in [33;34] ]
analysis ended
