tests/30_extension/0156_bool.c:6.42-53: [ x in [13;17], y in [13;17] ]
tests/30_extension/0156_bool.c:7.9-20: [ x in [13;17], y in [13;17] ]
analysis ended
