tests/30_extension/0301_assert_false.c:4.2-17: ERROR: assertion failure
tests/30_extension/0301_assert_false.c:5.2-11: âŠ¥
analysis ended
